FILE_TYPE=LIBRARY_PARTS;
PRIMITIVE 'ERJ_U06F1203V','ERJ_U06F1203V_Other';
  PIN
    '1':
      PIN_NUMBER='(1)';
      NO_LOAD_CHECK=BOTH;
      NO_IO_CHECK=BOTH;
      ALLOW_CONNECT=TRUE;
      PINUSE='UNSPEC';
    '2':
      PIN_NUMBER='(2)';
      NO_LOAD_CHECK=BOTH;
      NO_IO_CHECK=BOTH;
      ALLOW_CONNECT=TRUE;
      PINUSE='UNSPEC';
  END_PIN;
  BODY
    PART_NAME='ERJ_U06F1203V';
    PHYS_DES_PREFIX='R';
    NO_LOAD_CHECK='TRUE';
    PIN_COUNT='2';
    BODY_NAME='ERJ_U06F1203V';
    JEDEC_TYPE='ERJS06_U06_(0805)';
  END_BODY;
END_PRIMITIVE;
END.
